[2026-10-07 17:25:48Z] pornire collector — 2 zone ['domogled', 'portiledefier'], 777 detectii in stare, chei CDSE: da
[2026-10-07 17:25:48Z] ciclul incepe — Domogled – Valea Cernei
[2026-10-07 17:25:50Z]    FIRMS VIIRS-SNPP-375m    24h  ->   67 detectii in zona
[2026-10-07 17:25:51Z]    FIRMS VIIRS-NOAA20-375m  24h  ->   49 detectii in zona
[2026-10-07 17:25:52Z]    FIRMS MODIS-1km          24h  ->    6 detectii in zona
[2026-10-07 17:25:53Z]    ESA FRP: 12 produse, niciunul nou
[2026-10-07 17:25:53Z]    total detectii in zona: 389  (0 noi)
[2026-10-07 17:25:54Z]    arsura: nicio scena noua, nu recalculez
[2026-10-07 17:25:54Z]    focare: 1 · principalul la 44.8980,22.4785 (388 puncte, 8 zile, FRP 24h 304.7 MW, în scădere, Colțu Pietrii (1228 m) 0.88 km)
[2026-10-07 17:25:55Z]    meteo: 10.8°C, 38% RH, vant 6.6 km/h din E -> pana spre V; pericol scăzut (Angström 3.52); precipitatii 48h: 0 mm
[2026-10-07 17:25:55Z]    gata: 389 detectii, 60 in 24h, FRP 24h 309.9 MW
[2026-10-07 17:25:55Z] ciclul incepe — Porțile de Fier – nord de Orșova
[2026-10-07 17:25:56Z]    FIRMS VIIRS-SNPP-375m    24h  ->   66 detectii in zona
[2026-10-07 17:25:57Z]    FIRMS VIIRS-NOAA20-375m  24h  ->   49 detectii in zona
[2026-10-07 17:25:58Z]    FIRMS MODIS-1km          24h  ->    7 detectii in zona
[2026-10-07 17:25:58Z]    ESA FRP: 12 produse, niciunul nou
[2026-10-07 17:25:58Z]    total detectii in zona: 388  (0 noi)
[2026-10-07 17:25:59Z]    arsura: nicio scena noua, nu recalculez
[2026-10-07 17:25:59Z]    focare: 1 · principalul la 44.7666,22.3251 (386 puncte, 8 zile, FRP 24h 293.5 MW, staționar, Orșova 7.51 km)
[2026-10-07 17:26:00Z]    meteo: 13.1°C, 36% RH, vant 2.8 km/h din NV -> pana spre SE; pericol scăzut (Angström 3.19); precipitatii 48h: 0 mm
[2026-10-07 17:26:00Z]    gata: 388 detectii, 98 in 24h, FRP 24h 293.5 MW
[2026-10-07 17:26:00Z] astept 289s pana la urmatorul ciclu

[2026-10-07 17:30:48Z] ciclul incepe — Domogled – Valea Cernei
[2026-10-07 17:30:49Z]    FIRMS VIIRS-SNPP-375m    24h  ->   67 detectii in zona
[2026-10-07 17:30:51Z]    FIRMS VIIRS-NOAA20-375m  24h  ->   49 detectii in zona
[2026-10-07 17:30:51Z]    FIRMS MODIS-1km          24h  ->    6 detectii in zona
[2026-10-07 17:30:52Z]    ESA FRP: 12 produse, niciunul nou
[2026-10-07 17:30:52Z]    total detectii in zona: 389  (0 noi)
[2026-10-07 17:30:54Z]    arsura: nicio scena noua, nu recalculez
[2026-10-07 17:30:54Z]    focare: 1 · principalul la 44.8980,22.4785 (388 puncte, 8 zile, FRP 24h 304.7 MW, în scădere, Colțu Pietrii (1228 m) 0.88 km)
[2026-10-07 17:30:54Z]    meteo: 10.5°C, 39% RH, vant 6.6 km/h din E -> pana spre V; pericol scăzut (Angström 3.6); precipitatii 48h: 0 mm
[2026-10-07 17:30:54Z]    gata: 389 detectii, 60 in 24h, FRP 24h 309.9 MW
[2026-10-07 17:30:54Z] ciclul incepe — Porțile de Fier – nord de Orșova
[2026-10-07 17:30:56Z]    FIRMS VIIRS-SNPP-375m    24h  ->   66 detectii in zona
[2026-10-07 17:30:57Z]    FIRMS VIIRS-NOAA20-375m  24h  ->   49 detectii in zona
[2026-10-07 17:30:57Z]    FIRMS MODIS-1km          24h  ->    7 detectii in zona
[2026-10-07 17:30:58Z]    ESA FRP: 12 produse, niciunul nou
[2026-10-07 17:30:58Z]    total detectii in zona: 388  (0 noi)
[2026-10-07 17:31:00Z]    arsura: nicio scena noua, nu recalculez
[2026-10-07 17:31:00Z]    focare: 1 · principalul la 44.7666,22.3251 (386 puncte, 8 zile, FRP 24h 293.5 MW, staționar, Orșova 7.51 km)
[2026-10-07 17:31:00Z]    meteo: 12.9°C, 36% RH, vant 2.8 km/h din NV -> pana spre SE; pericol scăzut (Angström 3.21); precipitatii 48h: 0 mm
[2026-10-07 17:31:00Z]    gata: 388 detectii, 98 in 24h, FRP 24h 293.5 MW
[2026-10-07 17:31:00Z] astept 288s pana la urmatorul ciclu

[2026-10-07 17:35:48Z] ciclul incepe — Domogled – Valea Cernei
[2026-10-07 17:35:50Z]    FIRMS VIIRS-SNPP-375m    24h  ->   67 detectii in zona
[2026-10-07 17:35:51Z]    FIRMS VIIRS-NOAA20-375m  24h  ->   49 detectii in zona
[2026-10-07 17:35:52Z]    FIRMS MODIS-1km          24h  ->    6 detectii in zona
[2026-10-07 17:35:52Z]    ESA FRP: 12 produse, niciunul nou
[2026-10-07 17:35:52Z]    total detectii in zona: 389  (0 noi)
[2026-10-07 17:35:56Z]    arsura: nicio scena noua, nu recalculez
[2026-10-07 17:35:56Z]    focare: 1 · principalul la 44.8980,22.4785 (388 puncte, 8 zile, FRP 24h 304.7 MW, în scădere, Colțu Pietrii (1228 m) 0.88 km)
[2026-10-07 17:35:56Z]    meteo: 10.5°C, 39% RH, vant 6.6 km/h din E -> pana spre V; pericol scăzut (Angström 3.6); precipitatii 48h: 0 mm
[2026-10-07 17:35:56Z]    gata: 389 detectii, 60 in 24h, FRP 24h 309.9 MW
[2026-10-07 17:35:56Z] ciclul incepe — Porțile de Fier – nord de Orșova
[2026-10-07 17:35:57Z]    FIRMS VIIRS-SNPP-375m    24h  ->   66 detectii in zona
[2026-10-07 17:35:58Z]    FIRMS VIIRS-NOAA20-375m  24h  ->   49 detectii in zona
[2026-10-07 17:35:59Z]    FIRMS MODIS-1km          24h  ->    7 detectii in zona
[2026-10-07 17:36:00Z]    ESA FRP: 12 produse, niciunul nou
[2026-10-07 17:36:00Z]    total detectii in zona: 388  (0 noi)
[2026-10-07 17:36:01Z]    arsura: nicio scena noua, nu recalculez
[2026-10-07 17:36:01Z]    focare: 1 · principalul la 44.7666,22.3251 (386 puncte, 8 zile, FRP 24h 293.5 MW, staționar, Orșova 7.51 km)
[2026-10-07 17:36:02Z]    meteo: 12.9°C, 36% RH, vant 2.8 km/h din NV -> pana spre SE; pericol scăzut (Angström 3.21); precipitatii 48h: 0 mm
[2026-10-07 17:36:02Z]    gata: 388 detectii, 98 in 24h, FRP 24h 293.5 MW
[2026-10-07 17:36:02Z] astept 287s pana la urmatorul ciclu

